

================================================================
== Vivado HLS Report for 'lms'
================================================================
* Date:           Fri Feb 28 16:01:50 2020

* Version:        2018.3 (Build 2405991 on Thu Dec 06 23:56:15 MST 2018)
* Project:        lms_classes
* Solution:       solution1
* Product family: zynq
* Target device:  xc7z020clg400-1


================================================================
== Performance Estimates
================================================================
+ Timing (ns): 
    * Summary: 
    +--------+-------+----------+------------+
    |  Clock | Target| Estimated| Uncertainty|
    +--------+-------+----------+------------+
    |ap_clk  |  10.00|     7.256|        1.25|
    +--------+-------+----------+------------+

+ Latency (clock cycles): 
    * Summary: 
    +-----+-----+-----+-----+---------+
    |  Latency  |  Interval | Pipeline|
    | min | max | min | max |   Type  |
    +-----+-----+-----+-----+---------+
    |  975|  975|  975|  975|   none  |
    +-----+-----+-----+-----+---------+

    + Detail: 
        * Instance: 
        N/A

        * Loop: 
        +----------+-----+-----+----------+-----------+-----------+------+----------+
        |          |  Latency  | Iteration|  Initiation Interval  | Trip |          |
        | Loop Name| min | max |  Latency |  achieved |   target  | Count| Pipelined|
        +----------+-----+-----+----------+-----------+-----------+------+----------+
        |- Loop 1  |  550|  550|        11|          -|          -|    50|    no    |
        |- Loop 2  |  400|  400|         8|          -|          -|    50|    no    |
        +----------+-----+-----+----------+-----------+-----------+------+----------+



================================================================
== Utilization Estimates
================================================================
* Summary: 
+-----------------+---------+-------+--------+-------+
|       Name      | BRAM_18K| DSP48E|   FF   |  LUT  |
+-----------------+---------+-------+--------+-------+
|DSP              |        -|      -|       -|      -|
|Expression       |        -|      -|       0|     52|
|FIFO             |        -|      -|       -|      -|
|Instance         |        -|      5|     348|    711|
|Memory           |        2|      -|       0|      0|
|Multiplexer      |        -|      -|       -|    382|
|Register         |        -|      -|     239|      -|
+-----------------+---------+-------+--------+-------+
|Total            |        2|      5|     587|   1145|
+-----------------+---------+-------+--------+-------+
|Available        |      280|    220|  106400|  53200|
+-----------------+---------+-------+--------+-------+
|Utilization (%)  |    ~0   |      2|   ~0   |      2|
+-----------------+---------+-------+--------+-------+

+ Detail: 
    * Instance: 
    +-------------------------------------------+----------------------------------------+---------+-------+-----+-----+
    |                  Instance                 |                 Module                 | BRAM_18K| DSP48E|  FF | LUT |
    +-------------------------------------------+----------------------------------------+---------+-------+-----+-----+
    |lms_faddfsub_32ns_32ns_32_5_full_dsp_1_U1  |lms_faddfsub_32ns_32ns_32_5_full_dsp_1  |        0|      2|  205|  390|
    |lms_fmul_32ns_32ns_32_4_max_dsp_1_U2       |lms_fmul_32ns_32ns_32_4_max_dsp_1       |        0|      3|  143|  321|
    +-------------------------------------------+----------------------------------------+---------+-------+-----+-----+
    |Total                                      |                                        |        0|      5|  348|  711|
    +-------------------------------------------+----------------------------------------+---------+-------+-----+-----+

    * DSP48: 
    N/A

    * Memory: 
    +----------+------------+---------+---+----+------+-----+------+-------------+
    |  Memory  |   Module   | BRAM_18K| FF| LUT| Words| Bits| Banks| W*Bits*Banks|
    +----------+------------+---------+---+----+------+-----+------+-------------+
    |lms_sr_U  |lms_lms_sr  |        1|  0|   0|    50|   32|     1|         1600|
    |lms_w_U   |lms_lms_sr  |        1|  0|   0|    50|   32|     1|         1600|
    +----------+------------+---------+---+----+------+-----+------+-------------+
    |Total     |            |        2|  0|   0|   100|   64|     2|         3200|
    +----------+------------+---------+---+----+------+-----+------+-------------+

    * FIFO: 
    N/A

    * Expression: 
    +----------------------+----------+-------+---+----+------------+------------+
    |     Variable Name    | Operation| DSP48E| FF| LUT| Bitwidth P0| Bitwidth P1|
    +----------------------+----------+-------+---+----+------------+------------+
    |i_1_fu_195_p2         |     +    |      0|  0|  15|           6|           1|
    |i_fu_173_p2           |     +    |      0|  0|  15|           6|           2|
    |exitcond_i_fu_189_p2  |   icmp   |      0|  0|  11|           6|           5|
    |tmp_i_fu_167_p2       |   icmp   |      0|  0|  11|           6|           1|
    +----------------------+----------+-------+---+----+------------+------------+
    |Total                 |          |      0|  0|  52|          24|           9|
    +----------------------+----------+-------+---+----+------------+------------+

    * Multiplexer: 
    +-------------------------+-----+-----------+-----+-----------+
    |           Name          | LUT | Input Size| Bits| Total Bits|
    +-------------------------+-----+-----------+-----+-----------+
    |ap_NS_fsm                |  193|         44|    1|         44|
    |grp_fu_137_opcode        |   15|          3|    2|          6|
    |grp_fu_137_p0            |   21|          4|   32|        128|
    |grp_fu_137_p1            |   15|          3|   32|         96|
    |grp_fu_142_p0            |   27|          5|   32|        160|
    |grp_fu_142_p1            |   21|          4|   32|        128|
    |i1_i_reg_126             |    9|          2|    6|         12|
    |i_i_reg_115              |    9|          2|    6|         12|
    |lms_sr_address0          |   21|          4|    6|         24|
    |lms_sr_d0                |   15|          3|   32|         96|
    |lms_w_address0           |   27|          5|    6|         30|
    |lms_yhat_load_i_reg_103  |    9|          2|   32|         64|
    +-------------------------+-----+-----------+-----+-----------+
    |Total                    |  382|         81|  219|        800|
    +-------------------------+-----+-----------+-----+-----------+

    * Register: 
    +-------------------------+----+----+-----+-----------+
    |           Name          | FF | LUT| Bits| Const Bits|
    +-------------------------+----+----+-----+-----------+
    |ap_CS_fsm                |  43|   0|   43|          0|
    |i1_i_reg_126             |   6|   0|    6|          0|
    |i_1_reg_253              |   6|   0|    6|          0|
    |i_i_reg_115              |   6|   0|    6|          0|
    |i_reg_225                |   6|   0|    6|          0|
    |lms_sr_load_reg_245      |  32|   0|   32|          0|
    |lms_w_addr_1_reg_258     |   6|   0|    6|          0|
    |lms_yhat_load_i_reg_103  |  32|   0|   32|          0|
    |reg_146                  |  32|   0|   32|          0|
    |reg_153                  |  32|   0|   32|          0|
    |reg_159                  |  32|   0|   32|          0|
    |tmp_3_i_reg_235          |   6|   0|   64|         58|
    +-------------------------+----+----+-----+-----------+
    |Total                    | 239|   0|  297|         58|
    +-------------------------+----+----+-----+-----------+



================================================================
== Interface
================================================================
* Summary: 
+-----------+-----+-----+------------+--------------+--------------+
| RTL Ports | Dir | Bits|  Protocol  | Source Object|    C Type    |
+-----------+-----+-----+------------+--------------+--------------+
|ap_clk     |  in |    1| ap_ctrl_hs |      lms     | return value |
|ap_rst     |  in |    1| ap_ctrl_hs |      lms     | return value |
|ap_start   |  in |    1| ap_ctrl_hs |      lms     | return value |
|ap_done    | out |    1| ap_ctrl_hs |      lms     | return value |
|ap_idle    | out |    1| ap_ctrl_hs |      lms     | return value |
|ap_ready   | out |    1| ap_ctrl_hs |      lms     | return value |
|ap_return  | out |   32| ap_ctrl_hs |      lms     | return value |
|x          |  in |   32|   ap_none  |       x      |    scalar    |
|y          |  in |   32|   ap_none  |       y      |    scalar    |
|mu         |  in |   32|   ap_none  |      mu      |    scalar    |
+-----------+-----+-----+------------+--------------+--------------+

